// Jest Snapshot v1, https://goo.gl/fbAQLP

exports[`Affiliate partner overview Dune query results snapshots prod partner overview: prod 1`] = `
{
  "0x2c6e2e2eb9153631aa098d671df870a0f9026d74": {
    "lastUpdatedAt": "2026-05-11T02:22:55.199959Z",
    "rows": [],
  },
  "0x48825198628fe6109603d4693cd5074c47716518": {
    "lastUpdatedAt": "2026-05-11T02:22:55.199959Z",
    "rows": [],
  },
  "0x72cc486baafb0804c1a1f4260432688c10d7ad99": {
    "lastUpdatedAt": "2026-05-11T02:22:55.199959Z",
    "rows": [],
  },
  "0x798ff1e6d7afd28c333ee6ebe03125d30ec6ef10": {
    "lastUpdatedAt": "2026-05-11T02:22:55.199959Z",
    "rows": [],
  },
  "0x7babf976fbd6f420fbae9f5b3622209cfdd5a759": {
    "lastUpdatedAt": "2026-05-11T02:22:55.199959Z",
    "rows": [],
  },
  "0x8335459a89a17ed8ed128aa98f9af86802dacf30": {
    "lastUpdatedAt": "2026-05-11T02:22:55.199959Z",
    "rows": [],
  },
  "0x9fa3c00a92ec5f96b1ad2527ab41b3932efeda58": {
    "lastUpdatedAt": "2026-05-11T02:22:55.199959Z",
    "rows": [
      {
        "active_traders": 0,
        "affiliate_address": "0x9fa3c00a92ec5f96b1ad2527ab41b3932efeda58",
        "left_to_next_reward": 6.715813102784388,
        "next_payout": 1.32,
        "paid_out": 2.64,
        "referrer_code": "11111111111111111111",
        "total_earned": 3.96,
        "total_traders": 11,
        "total_volume": 63.28418689721561,
        "trigger_volume": 10,
      },
    ],
  },
  "0xd26a907dcaaa0e4393972283e662eb272a173944": {
    "lastUpdatedAt": "2026-05-11T02:22:55.199959Z",
    "rows": [],
  },
}
`;

exports[`Affiliate partner overview Dune query results snapshots staging partner overview: staging 1`] = `
{
  "0x105eb43614808bbf301e7352aaccb4f9e2e596bb": {
    "lastUpdatedAt": "2026-05-11T02:22:55.199959Z",
    "rows": [
      {
        "active_traders": 0,
        "affiliate_address": "0x105eb43614808bbf301e7352aaccb4f9e2e596bb",
        "left_to_next_reward": 10,
        "next_payout": 0,
        "paid_out": 0,
        "referrer_code": "COW-893956",
        "total_earned": 0,
        "total_traders": 0,
        "total_volume": 0,
        "trigger_volume": 10,
      },
    ],
  },
  "0x113692fef6415bdb421d8825913ddee50475b9c4": {
    "lastUpdatedAt": "2026-05-11T02:22:55.199959Z",
    "rows": [
      {
        "active_traders": 0,
        "affiliate_address": "0x113692fef6415bdb421d8825913ddee50475b9c4",
        "left_to_next_reward": 10,
        "next_payout": 0,
        "paid_out": 0,
        "referrer_code": "COW-374211",
        "total_earned": 0,
        "total_traders": 0,
        "total_volume": 0,
        "trigger_volume": 10,
      },
    ],
  },
  "0x28f5e28dff9df9cbbc611dab888cbbe87bdf020d": {
    "lastUpdatedAt": "2026-05-11T02:22:55.199959Z",
    "rows": [
      {
        "active_traders": 0,
        "affiliate_address": "0x28f5e28dff9df9cbbc611dab888cbbe87bdf020d",
        "left_to_next_reward": 10,
        "next_payout": 0,
        "paid_out": 0,
        "referrer_code": "COW-505646",
        "total_earned": 0,
        "total_traders": 0,
        "total_volume": 0,
        "trigger_volume": 10,
      },
    ],
  },
  "0x3de0a3f95eb59dc208fbedeaac43f5197c39709d": {
    "lastUpdatedAt": "2026-05-11T02:22:55.199959Z",
    "rows": [
      {
        "active_traders": 0,
        "affiliate_address": "0x3de0a3f95eb59dc208fbedeaac43f5197c39709d",
        "left_to_next_reward": 9.997229999999998,
        "next_payout": 0,
        "paid_out": 0.66,
        "referrer_code": "FOOBAR",
        "total_earned": 0.66,
        "total_traders": 1,
        "total_volume": 10.002770000000002,
        "trigger_volume": 10,
      },
    ],
  },
  "0x5345801b243ea1e53c92daca50ef498d0f197cb9": {
    "lastUpdatedAt": "2026-05-11T02:22:55.199959Z",
    "rows": [
      {
        "active_traders": 0,
        "affiliate_address": "0x5345801b243ea1e53c92daca50ef498d0f197cb9",
        "left_to_next_reward": 10,
        "next_payout": 0,
        "paid_out": 0,
        "referrer_code": "MYLOOONGVERYLONGCODE",
        "total_earned": 0,
        "total_traders": 0,
        "total_volume": 0,
        "trigger_volume": 10,
      },
    ],
  },
  "0x56fd29500c72cc7bae2df0fb3e4ac4e150c1f8e7": {
    "lastUpdatedAt": "2026-05-11T02:22:55.199959Z",
    "rows": [
      {
        "active_traders": 0,
        "affiliate_address": "0x56fd29500c72cc7bae2df0fb3e4ac4e150c1f8e7",
        "left_to_next_reward": 10,
        "next_payout": 0,
        "paid_out": 0,
        "referrer_code": "PLEASE_WORK",
        "total_earned": 0,
        "total_traders": 0,
        "total_volume": 0,
        "trigger_volume": 10,
      },
    ],
  },
  "0x5b0abe214ab7875562adee331deff0fe1912fe42": {
    "lastUpdatedAt": "2026-05-11T02:22:55.199959Z",
    "rows": [
      {
        "active_traders": 0,
        "affiliate_address": "0x5b0abe214ab7875562adee331deff0fe1912fe42",
        "left_to_next_reward": 5.982935292998764,
        "next_payout": 0,
        "paid_out": 0,
        "referrer_code": "LEANDRO-05",
        "total_earned": 0,
        "total_traders": 1,
        "total_volume": 4.017064707001236,
        "trigger_volume": 10,
      },
    ],
  },
  "0x6fc1fb2e17dff120fa8f838af139af443070fd0e": {
    "lastUpdatedAt": "2026-05-11T02:22:55.199959Z",
    "rows": [
      {
        "active_traders": 0,
        "affiliate_address": "0x6fc1fb2e17dff120fa8f838af139af443070fd0e",
        "left_to_next_reward": 10,
        "next_payout": 0,
        "paid_out": 0,
        "referrer_code": "COWMOON",
        "total_earned": 0,
        "total_traders": 0,
        "total_volume": 0,
        "trigger_volume": 10,
      },
    ],
  },
  "0x9425596dc3a37af56d8d531d74c22eb675ebbd11": {
    "lastUpdatedAt": "2026-05-11T02:22:55.199959Z",
    "rows": [
      {
        "active_traders": 0,
        "affiliate_address": "0x9425596dc3a37af56d8d531d74c22eb675ebbd11",
        "left_to_next_reward": 10,
        "next_payout": 0,
        "paid_out": 0,
        "referrer_code": "BLA-BLA-M000-BLA-BLA",
        "total_earned": 0,
        "total_traders": 0,
        "total_volume": 0,
        "trigger_volume": 10,
      },
    ],
  },
  "0x9fa3c00a92ec5f96b1ad2527ab41b3932efeda58": {
    "lastUpdatedAt": "2026-05-11T02:22:55.199959Z",
    "rows": [
      {
        "active_traders": 0,
        "affiliate_address": "0x9fa3c00a92ec5f96b1ad2527ab41b3932efeda58",
        "left_to_next_reward": 6.715813102784388,
        "next_payout": 1.32,
        "paid_out": 2.64,
        "referrer_code": "11111111111111111111",
        "total_earned": 3.96,
        "total_traders": 11,
        "total_volume": 63.28418689721561,
        "trigger_volume": 10,
      },
    ],
  },
  "0xaa248d5328c7d781a96d93d7d013bcf393157bb4": {
    "lastUpdatedAt": "2026-05-11T02:22:55.199959Z",
    "rows": [
      {
        "active_traders": 0,
        "affiliate_address": "0xaa248d5328c7d781a96d93d7d013bcf393157bb4",
        "left_to_next_reward": 10,
        "next_payout": 0,
        "paid_out": 0,
        "referrer_code": "COW-SAFE",
        "total_earned": 0,
        "total_traders": 0,
        "total_volume": 0,
        "trigger_volume": 10,
      },
    ],
  },
  "0xb2f08dede8c84ee19eb90035d07391a91cf1a871": {
    "lastUpdatedAt": "2026-05-11T02:22:55.199959Z",
    "rows": [
      {
        "active_traders": 0,
        "affiliate_address": "0xb2f08dede8c84ee19eb90035d07391a91cf1a871",
        "left_to_next_reward": 10,
        "next_payout": 0,
        "paid_out": 0,
        "referrer_code": "MARSHY",
        "total_earned": 0,
        "total_traders": 0,
        "total_volume": 0,
        "trigger_volume": 10,
      },
    ],
  },
  "0xca011d01a4b75a36afb5e2b69e0ba8f01c6b500e": {
    "lastUpdatedAt": "2026-05-11T02:22:55.199959Z",
    "rows": [
      {
        "active_traders": 0,
        "affiliate_address": "0xca011d01a4b75a36afb5e2b69e0ba8f01c6b500e",
        "left_to_next_reward": 10,
        "next_payout": 0,
        "paid_out": 0,
        "referrer_code": "FAIRL1GHT",
        "total_earned": 0,
        "total_traders": 0,
        "total_volume": 0,
        "trigger_volume": 10,
      },
    ],
  },
  "0xd74718dcf9d21176a7ccacb904e3236712e80383": {
    "lastUpdatedAt": "2026-05-11T02:22:55.199959Z",
    "rows": [
      {
        "active_traders": 0,
        "affiliate_address": "0xd74718dcf9d21176a7ccacb904e3236712e80383",
        "left_to_next_reward": 10,
        "next_payout": 0,
        "paid_out": 0,
        "referrer_code": "USD_PLEASE",
        "total_earned": 0,
        "total_traders": 0,
        "total_volume": 0,
        "trigger_volume": 10,
      },
    ],
  },
  "0xde1e8eedd42cd284a3052d987502d0b24c633fee": {
    "lastUpdatedAt": "2026-05-11T02:22:55.199959Z",
    "rows": [
      {
        "active_traders": 0,
        "affiliate_address": "0xde1e8eedd42cd284a3052d987502d0b24c633fee",
        "left_to_next_reward": 10,
        "next_payout": 0,
        "paid_out": 0,
        "referrer_code": "COWAFFILIATE_PROGRAM",
        "total_earned": 0,
        "total_traders": 0,
        "total_volume": 0,
        "trigger_volume": 10,
      },
    ],
  },
  "0xee7983b9449c74cc1eff5793dcc336275015fba0": {
    "lastUpdatedAt": "2026-05-11T02:22:55.199959Z",
    "rows": [
      {
        "active_traders": 0,
        "affiliate_address": "0xee7983b9449c74cc1eff5793dcc336275015fba0",
        "left_to_next_reward": 2.0988374049864262,
        "next_payout": 0,
        "paid_out": 0.66,
        "referrer_code": "MOOOO",
        "total_earned": 0.66,
        "total_traders": 3,
        "total_volume": 17.901162595013574,
        "trigger_volume": 10,
      },
    ],
  },
  "0xfb09f8792838b0c868deccf72d40c8235b59f6cb": {
    "lastUpdatedAt": "2026-05-11T02:22:55.199959Z",
    "rows": [
      {
        "active_traders": 0,
        "affiliate_address": "0xfb09f8792838b0c868deccf72d40c8235b59f6cb",
        "left_to_next_reward": 4.177788428861115,
        "next_payout": 0.66,
        "paid_out": 0,
        "referrer_code": "00000000000000000000",
        "total_earned": 0.66,
        "total_traders": 1,
        "total_volume": 15.822211571138885,
        "trigger_volume": 10,
      },
    ],
  },
  "0xfc1dfbc69feda4611b913d5ae7b7b48fb5909c02": {
    "lastUpdatedAt": "2026-05-11T02:22:55.199959Z",
    "rows": [
      {
        "active_traders": 0,
        "affiliate_address": "0xfc1dfbc69feda4611b913d5ae7b7b48fb5909c02",
        "left_to_next_reward": 10,
        "next_payout": 0,
        "paid_out": 0,
        "referrer_code": "OFCOURSEISTILLLOVEU",
        "total_earned": 0,
        "total_traders": 0,
        "total_volume": 0,
        "trigger_volume": 10,
      },
    ],
  },
  "0xfe84a86803952041ecccb584300eb66c601bfec1": {
    "lastUpdatedAt": "2026-05-11T02:22:55.199959Z",
    "rows": [
      {
        "active_traders": 0,
        "affiliate_address": "0xfe84a86803952041ecccb584300eb66c601bfec1",
        "left_to_next_reward": 10,
        "next_payout": 0,
        "paid_out": 0,
        "referrer_code": "COW-739592",
        "total_earned": 0,
        "total_traders": 0,
        "total_volume": 0,
        "trigger_volume": 10,
      },
    ],
  },
}
`;
